File basic.jazz:
Failed as expected xof_init: speculative constant type checker: return type for state is #[ptr = public, val = secret] it should be less than #[ptr = public, val = { n = public, s = t}]
Failed as expected missing_then: speculative constant type checker: the variable m is not known to be a msf, only {
                                   } are
Failed as expected missing_else: speculative constant type checker: the variable m is not known to be a msf, only {
                                   } are
Failed as expected after_branch: speculative constant type checker: the variable m is not known to be a msf, only {
                                   } are
Failed as expected leak_transient: speculative constant type checker: x has type #transient but should be at most #public
Failed as expected after_branch: "fail/basic.jazz", line 10 (18-19):
                                 speculative constant type checker: the variable m is not known to be a msf, only {
                                   } are
Failed as expected leak_transient: "fail/basic.jazz", line 1 (42-50):
                                   speculative constant type checker: x has type #transient but should be at most #public
File bug_887.jazz:
Failed as expected test_venv: "fail/bug_887.jazz", line 13 (3-4):
                              speculative constant type checker: r has type #secret but should be at most #public
File corruption.jazz:
Failed as expected does_corrupt_memory: "fail/corruption.jazz", line 26 (12-13):
                                        speculative constant type checker: return type for y is #[ptr = public, val = transient] it should be less than #[ptr = public, val = public]
Failed as expected corrupts_memory: "fail/corruption.jazz", line 12 (12-13):
                                    speculative constant type checker: return type for y is #[ptr = public, val = transient] it should be less than #[ptr = public, val = public]
File functions.jazz:
Failed as expected return_outdated: speculative constant type checker: the variable msf is not known to be a msf, only {
                                      } are
Failed as expected return_unknown: speculative constant type checker: the variable msf is not known to be a msf, only {
                                     } are
Failed as expected call_kills_msf: speculative constant type checker: 
                                   this function call destroys MSFs and { m } are required.
                                   Trace:
                                     the function leak destroys MSFs at "fail/functions.jazz", line 2 (36-48)
File inline-if-modmsf.jazz:
Failed as expected inline_if_modmsf: speculative constant type checker: 
                                     this function call destroys MSFs and { ms } are required.
                                     Trace:
                                       the function f destroys MSFs at "fail/inline-if-modmsf.jazz", line 6 (8) to line 8 (9)
File modmsf-trace.jazz:
Failed as expected modmsf_trace: speculative constant type checker: this function call destroys MSFs and { ms } are required.
                                 Trace:
                                   the function f2 destroys MSFs at "fail/modmsf-trace.jazz", line 13 (19-25)
                                   the function f1 destroys MSFs at "fail/modmsf-trace.jazz", line 10 (19-31)
File rsb.jazz:
Failed as expected pointed_data_is_transient: speculative constant type checker: x has type #transient but should be at most #public
Failed as expected inline_bool_leaks: speculative constant type checker: b has type #transient but should be at most #public
Failed as expected inline_modmsf: speculative constant type checker: this function is annotated as nomodmsf, but it modifies the MSF at 
                                  "fail/rsb.jazz", line 295 (4-22).
                                  Trace:
                                    the function call_do_nothing destroys MSFs at "fail/rsb.jazz", line 19 (4-17)
Failed as expected call_modmsf: speculative constant type checker: this function is annotated as nomodmsf, but it modifies the MSF at 
                                "fail/rsb.jazz", line 289 (4-17).
                                
Failed as expected inline_kills_msf2: speculative constant type checker: 
                                      this function call destroys MSFs and { msf } are required.
                                      Trace:
                                        the function call_do_nothing destroys MSFs at "fail/rsb.jazz", line 19 (4-17)
Failed as expected inline_kills_msf: speculative constant type checker: 
                                     this function call destroys MSFs and { msf } are required.
                                     Trace:
                                       the function inline_call_do_nothing destroys MSFs at "fail/rsb.jazz", line 25 (4-17)
Failed as expected update_after_call_many: speculative constant type checker: This function is annotated with update_after_call, but it returns more than one MSF
Failed as expected invalid_update_after_call: speculative constant type checker: This function is annotated with update_after_call, but it does not return an MSF
Failed as expected write_mmx_call_noupdate: speculative constant type checker: Assignment of type #transient to m not allowed. MMX registers must always be public.
Failed as expected write_mmx_call: speculative constant type checker: Assignment of type #transient to m not allowed. MMX registers must always be public.
Failed as expected write_mmx_ptr: speculative constant type checker: Assignment of type #transient to m not allowed. MMX registers must always be public.
Failed as expected write_mmx_opn: speculative constant type checker: Assignment of type #transient to m not allowed. MMX registers must always be public.
Failed as expected write_mmx_assign2: speculative constant type checker: Assignment of type #secret to m not allowed. MMX registers must always be public.
Failed as expected write_mmx_assign: speculative constant type checker: Assignment of type #transient to m not allowed. MMX registers must always be public.
Failed as expected call_in_for_noupdate: speculative constant type checker: return type for x is #transient it should be less than #public
Failed as expected call_in_for: speculative constant type checker: return type for x is #transient it should be less than #public
Failed as expected call_in_while_noupdate: speculative constant type checker: msf is 
                                           Exact {  } it should be be at least 
                                           Exact { msf }
Failed as expected call_in_while_unknown: speculative constant type checker: constraints caused by the loop cannot be satisfied
Failed as expected call_in_while: speculative constant type checker: constraints caused by the loop cannot be satisfied
Failed as expected transient_after_call_noupdate2: speculative constant type checker: return type for x is #transient it should be less than #public
Failed as expected transient_after_call_noupdate1: speculative constant type checker: return type for x is #transient it should be less than #public
Failed as expected transient_after_call_noupdate: speculative constant type checker: return type for x is #transient it should be less than #public
Failed as expected transient_after_call_update: speculative constant type checker: L-value _ /* u64 */ must be a reg
Failed as expected archetypical: speculative constant type checker: x has type #transient but should be at most #public
                                   the function f2 destroys MSFs at "fail/modmsf-trace.jazz", line 12 (19-25)
                                   the function f1 destroys MSFs at "fail/modmsf-trace.jazz", line 9 (19-31)
                                   the function kill_msf destroys MSFs at "fail/modmsf-trace.jazz", line 3 (4) to line 5 (5)
File movmsf.jazz:
Failed as expected overwrite2: "fail/movmsf.jazz", line 29 (4-5):
                               speculative constant type checker: x cannot become an MSF as the current status depends on it (
                               (x >u ((64u) 0)))
Failed as expected overwrite: "fail/movmsf.jazz", line 21 (4-5):
                              speculative constant type checker: x cannot become an MSF as the current status depends on it (
                              (x >u ((64u) 0)))
Failed as expected fail: "fail/movmsf.jazz", line 13 (29-32):
                         speculative constant type checker: MSF is not Trans
File speculative-stack-leak.jazz:
Failed as expected main: "fail/speculative-stack-leak.jazz", line 32 (2) to line 36 (3):
                         speculative constant type checker: (pub > ((32u) 0)) has type #transient but should be at most #public
File spill.jazz:
Failed as expected spill2: "fail/spill.jazz", line 12 (5-8):
                           speculative constant type checker: pub has type #transient but should be at most #public
